// Jest Snapshot v1, https://goo.gl/fbAQLP

exports[`generateMarkdownForMethodDocumentation generates markdown for a comment with params and examples 1`] = `
"#### someMethod(x: number, y: number): void

Returns the average of two numbers.

Some other note

*Parameters:*

- \`x\` - The first input number
- \`y\` - The second input number

*Examples:*

Random example
\`\`\`ts
someMethod(1, 2)
\`\`\`"
`;

exports[`generateTableOfContents generates valid TOC 1`] = `
"- [sample()](#sample)

- [expect(value: any, options: Options)](#expectvalue-any-options-options)

- [expect\\\\<TYPE>(value: any, options: Options)](#expect<type>value-any-options-options)"
`;
